5
10
15
20
25
failed push
25
20
1
2
failed push
2
2
1
Successfully executed 12 instructions
|_ 5 _|
|_ 10 _|
|_ 15 _|
|_ 1 _|
4 elements
