1
2
3
4
5
5
5
4
4
3
3
2
2
1
1
Successfully executed 15 instructions
0 elements
