10
20
20
Successfully executed 3 instructions
|_ 10 _|
|_ 20 _|
2 elements
