failed pop
Successfully executed 0 instructions
0 elements
