10
20
20
10
Successfully executed 4 instructions
0 elements
