10
20
20
Successfully executed 3 instructions
|_ 10 _|
1 elements
