10
20
Successfully executed 2 instructions
|_ 10 _|
|_ 20 _|
2 elements
