10
Successfully executed 1 instructions
|_ 10 _|
1 elements
